// Vitest Snapshot v1, https://vitest.dev/guide/snapshot.html

exports[`help command > should print help message 1`] = `
[
  "Utility for building and compiling I18N bundles

i18n-tool build <srcDir> <outDir> [...options]
i18n-tool watch <srcDir> <outDir> [...options]
i18n-tool validate <srcDir>
i18n-tool fix <srcDir> <outDir>
i18n-tool help

Options:
    -f, --format:   Output format; script, json, formatjs
                    Default: formatjs
    
    --typescript:   Output (if not json format) should be typescript
                    Default: false
    
    --strict        Run validation when building bundles.
                    Default: false
    
    --ast           Generated compiled bundles
                    Default: false
                    
    --lut           Generated look-up-table
                    Default: false",
]
`;
